// Jest Snapshot v1, https://goo.gl/fbAQLP

exports[`Category Body Component should match snapshot 1`] = `
<RCTScrollView
  data={
    Array [
      Object {
        "id": "1",
        "name": "Just a channel",
      },
      Object {
        "highlight": true,
        "id": "2",
        "name": "Highlighted!!!",
      },
    ]
  }
  getItem={[Function]}
  getItemCount={[Function]}
  keyExtractor={[Function]}
  onContentSizeChange={[Function]}
  onLayout={[Function]}
  onMomentumScrollBegin={[Function]}
  onMomentumScrollEnd={[Function]}
  onScroll={[Function]}
  onScrollBeginDrag={[Function]}
  onScrollEndDrag={[Function]}
  removeClippedSubviews={false}
  renderItem={[Function]}
  scrollEventThrottle={50}
  stickyHeaderIndices={Array []}
  viewabilityConfigCallbackPairs={Array []}
>
  <View>
    <View
      onLayout={[Function]}
      style={null}
    >
      <View
        style={
          Object {
            "flexDirection": "row",
            "paddingVertical": 4,
          }
        }
      >
        <Icon
          name="globe"
          style={
            Object {
              "color": "rgba(255,255,255,0.72)",
              "fontSize": 24,
              "lineHeight": 28,
            }
          }
        />
        <Text
          style={
            Array [
              Object {
                "fontFamily": "OpenSans",
                "fontSize": 16,
                "fontWeight": "400",
                "lineHeight": 24,
              },
              Object {
                "color": "rgba(255,255,255,0.72)",
                "marginTop": 1,
                "paddingLeft": 12,
              },
              undefined,
            ]
          }
        >
          Just a channel
        </Text>
      </View>
    </View>
    <View
      onLayout={[Function]}
      style={null}
    >
      <View
        style={
          Object {
            "flexDirection": "row",
            "paddingVertical": 4,
          }
        }
      >
        <Icon
          name="globe"
          style={
            Object {
              "color": "rgba(255,255,255,0.72)",
              "fontSize": 24,
              "lineHeight": 28,
            }
          }
        />
        <Text
          style={
            Array [
              Object {
                "fontFamily": "OpenSans-SemiBold",
                "fontSize": 16,
                "fontWeight": "600",
                "lineHeight": 24,
              },
              Object {
                "color": "rgba(255,255,255,0.72)",
                "marginTop": 1,
                "paddingLeft": 12,
              },
              Object {
                "color": "#ffffff",
              },
            ]
          }
        >
          Highlighted!!!
        </Text>
      </View>
    </View>
  </View>
</RCTScrollView>
`;
