// Jest Snapshot v1, https://goo.gl/fbAQLP

exports[`Channel List Header Component should match snapshot 1`] = `
<View>
  <Text
    style={
      Object {
        "color": "#ffffff",
        "fontFamily": "Metropolis-SemiBold",
        "fontSize": 28,
        "fontWeight": "600",
        "lineHeight": 36,
      }
    }
  >
    Hello World!
  </Text>
  <Text
    style={
      Object {
        "color": "rgba(255,255,255,0.64)",
        "fontFamily": "OpenSans-SemiBold",
        "fontSize": 11,
        "fontWeight": "600",
        "lineHeight": 16,
      }
    }
  />
</View>
`;
