// Jest Snapshot v1, https://goo.gl/fbAQLP

exports[`components/custom_status/clear_button should match snapshot 1`] = `
<TouchableOpacity
  onPress={[Function]}
  style={
    [
      {
        "alignItems": "center",
        "flex": 1,
        "justifyContent": "center",
      },
      {
        "height": 40,
        "width": 40,
      },
    ]
  }
>
  <CompassIcon
    name="close-circle"
    size={20}
    style={
      {
        "borderRadius": 1000,
        "color": "rgba(63,67,80,0.52)",
      }
    }
  />
</TouchableOpacity>
`;
