// Jest Snapshot v1, https://goo.gl/fbAQLP

exports[`Search RecentItem should match snapshot and respond to events 1`] = `
<ForwardRef
  key="test"
  onPress={[Function]}
  underlayColor="rgba(69,120,191,0.5)"
>
  <View
    style={
      Object {
        "alignItems": "center",
        "flex": 1,
        "flexDirection": "row",
        "height": 42,
      }
    }
    testID="search.recent_item.test"
  >
    <Text
      style={
        Object {
          "color": "#3d3c40",
          "flex": 1,
          "fontSize": 14,
          "height": 20,
          "paddingHorizontal": 16,
        }
      }
    >
      test
    </Text>
    <ForwardRef
      onPress={[Function]}
      style={
        Object {
          "alignItems": "center",
          "height": 42,
          "justifyContent": "center",
          "width": 50,
        }
      }
    >
      <CompassIcon
        color="rgba(61,60,64,0.6)"
        name="close-circle-outline"
        size={20}
      />
    </ForwardRef>
  </View>
</ForwardRef>
`;
