// Jest Snapshot v1, https://goo.gl/fbAQLP

exports[`TeamList should render separator after the first item when separatorAfterFirstItem is true 1`] = `
<View
  style={
    {
      "flexGrow": 1,
    }
  }
>
  <RCTScrollView
    collapsable={false}
    contentContainerStyle={
      {
        "marginBottom": 4,
      }
    }
    data={
      [
        {
          "displayName": "Team 1",
          "id": "team1",
        },
        {
          "displayName": "Team 2",
          "id": "team2",
        },
      ]
    }
    getItem={[Function]}
    getItemCount={[Function]}
    handlerTag={4}
    handlerType="NativeViewGestureHandler"
    keyExtractor={[Function]}
    onContentSizeChange={[Function]}
    onGestureHandlerEvent={[Function]}
    onGestureHandlerStateChange={[Function]}
    onLayout={[Function]}
    onMomentumScrollBegin={[Function]}
    onMomentumScrollEnd={[Function]}
    onScroll={[Function]}
    onScrollBeginDrag={[Function]}
    onScrollEndDrag={[Function]}
    removeClippedSubviews={false}
    renderItem={[Function]}
    renderScrollComponent={[Function]}
    scrollEnabled={false}
    scrollEventThrottle={0.0001}
    stickyHeaderIndices={[]}
    testID="undefined.flat_list"
    viewabilityConfigCallbackPairs={[]}
    waitFor={
      [
        {
          "current": null,
        },
        {
          "current": null,
        },
      ]
    }
  >
    <View>
      <View
        onFocusCapture={[Function]}
        onLayout={[Function]}
        style={null}
      >
        <View
          accessibilityState={
            {
              "busy": undefined,
              "checked": undefined,
              "disabled": undefined,
              "expanded": undefined,
              "selected": undefined,
            }
          }
          accessibilityValue={
            {
              "max": undefined,
              "min": undefined,
              "now": undefined,
              "text": undefined,
            }
          }
          accessible={true}
          collapsable={false}
          focusable={true}
          onClick={[Function]}
          onResponderGrant={[Function]}
          onResponderMove={[Function]}
          onResponderRelease={[Function]}
          onResponderTerminate={[Function]}
          onResponderTerminationRequest={[Function]}
          onStartShouldSetResponder={[Function]}
          style={
            {
              "alignItems": "center",
              "borderRadius": 4,
              "display": "flex",
              "flexDirection": "row",
              "height": 56,
              "opacity": 1,
              "width": "100%",
            }
          }
        >
          <View
            style={
              {
                "height": 40,
                "width": 40,
              }
            }
          >
            <View
              style={
                [
                  {
                    "alignItems": "center",
                    "backgroundColor": "#1e325c",
                    "borderRadius": 8,
                    "height": "100%",
                    "justifyContent": "center",
                    "width": "100%",
                  },
                  {
                    "backgroundColor": "rgba(63,67,80,0.16)",
                  },
                ]
              }
              testID="team_sidebar.team_list.team_list_item.team1.team_icon"
            >
              <Text
                style={
                  [
                    {
                      "color": "#ffffff",
                      "textTransform": "uppercase",
                    },
                    {
                      "fontFamily": "Metropolis-SemiBold",
                      "fontSize": 20,
                      "fontWeight": "600",
                      "lineHeight": 28,
                    },
                    {
                      "color": "#3f4350",
                    },
                  ]
                }
                testID="team_sidebar.team_list.team_list_item.team1.team_icon.display_name_abbreviation"
              >
                Te
              </Text>
            </View>
          </View>
          <Text
            numberOfLines={1}
            style={
              [
                {
                  "color": "#3f4350",
                  "flex": 1,
                  "fontFamily": "OpenSans",
                  "fontSize": 16,
                  "fontWeight": "400",
                  "lineHeight": 24,
                  "marginLeft": 16,
                },
                false,
              ]
            }
            testID="team_sidebar.team_list.team_list_item.team1.team_display_name"
          >
            Team 1
          </Text>
        </View>
        <View
          style={
            {
              "backgroundColor": "rgba(63,67,80,0.08)",
              "height": 1,
            }
          }
          testID="team_list.separator"
        />
      </View>
      <View
        onFocusCapture={[Function]}
        onLayout={[Function]}
        style={null}
      >
        <View
          accessibilityState={
            {
              "busy": undefined,
              "checked": undefined,
              "disabled": undefined,
              "expanded": undefined,
              "selected": undefined,
            }
          }
          accessibilityValue={
            {
              "max": undefined,
              "min": undefined,
              "now": undefined,
              "text": undefined,
            }
          }
          accessible={true}
          collapsable={false}
          focusable={true}
          onClick={[Function]}
          onResponderGrant={[Function]}
          onResponderMove={[Function]}
          onResponderRelease={[Function]}
          onResponderTerminate={[Function]}
          onResponderTerminationRequest={[Function]}
          onStartShouldSetResponder={[Function]}
          style={
            {
              "alignItems": "center",
              "borderRadius": 4,
              "display": "flex",
              "flexDirection": "row",
              "height": 56,
              "opacity": 1,
              "width": "100%",
            }
          }
        >
          <View
            style={
              {
                "height": 40,
                "width": 40,
              }
            }
          >
            <View
              style={
                [
                  {
                    "alignItems": "center",
                    "backgroundColor": "#1e325c",
                    "borderRadius": 8,
                    "height": "100%",
                    "justifyContent": "center",
                    "width": "100%",
                  },
                  {
                    "backgroundColor": "rgba(63,67,80,0.16)",
                  },
                ]
              }
              testID="team_sidebar.team_list.team_list_item.team2.team_icon"
            >
              <Text
                style={
                  [
                    {
                      "color": "#ffffff",
                      "textTransform": "uppercase",
                    },
                    {
                      "fontFamily": "Metropolis-SemiBold",
                      "fontSize": 20,
                      "fontWeight": "600",
                      "lineHeight": 28,
                    },
                    {
                      "color": "#3f4350",
                    },
                  ]
                }
                testID="team_sidebar.team_list.team_list_item.team2.team_icon.display_name_abbreviation"
              >
                Te
              </Text>
            </View>
          </View>
          <Text
            numberOfLines={1}
            style={
              [
                {
                  "color": "#3f4350",
                  "flex": 1,
                  "fontFamily": "OpenSans",
                  "fontSize": 16,
                  "fontWeight": "400",
                  "lineHeight": 24,
                  "marginLeft": 16,
                },
                false,
              ]
            }
            testID="team_sidebar.team_list.team_list_item.team2.team_display_name"
          >
            Team 2
          </Text>
        </View>
      </View>
    </View>
  </RCTScrollView>
</View>
`;
