// Jest Snapshot v1, https://goo.gl/fbAQLP

exports[`EditChannelInfo should match snapshot 1`] = `
<ForwardRef
  edges={
    [
      "bottom",
      "left",
      "right",
    ]
  }
  style={
    {
      "flex": 1,
    }
  }
>
  <Connect(StatusBar) />
  <KeyboardAwareScrollView
    enableAutomaticScroll={true}
    getTextInputRefs={[Function]}
    keyboardShouldPersistTaps="always"
    onKeyboardDidHide={[Function]}
    onKeyboardDidShow={[Function]}
    scrollToBottomOnKBShow={false}
    scrollToInputAdditionalOffset={75}
    startScrolledToBottom={false}
    style={
      {
        "flex": 1,
      }
    }
    testID="edit_channel_info"
  >
    <TouchableWithoutFeedback
      onPress={[Function]}
    >
      <View
        style={
          {
            "backgroundColor": "rgba(63,67,80,0.06)",
            "flex": 1,
            "paddingTop": 30,
          }
        }
      >
        <View>
          <View
            style={
              {
                "flexDirection": "row",
                "marginTop": 30,
              }
            }
          >
            <InjectIntl(FormattedText)
              defaultMessage="Name"
              id="channel_modal.name"
              style={
                {
                  "color": "#3f4350",
                  "fontSize": 14,
                  "marginLeft": 15,
                }
              }
            />
          </View>
          <View
            style={
              {
                "backgroundColor": "#ffffff",
                "marginTop": 10,
              }
            }
          >
            <TextInputWithLocalizedPlaceholder
              allowFontScaling={true}
              autoCapitalize="none"
              autoCorrect={false}
              disableFullscreenUI={true}
              keyboardAppearance="light"
              maxLength={64}
              onChangeText={[Function]}
              placeholder={
                {
                  "defaultMessage": "E.g.: "Bugs", "Marketing", "客户支持"",
                  "id": "channel_modal.nameEx",
                }
              }
              placeholderTextColor="rgba(63,67,80,0.5)"
              style={
                {
                  "color": "#3f4350",
                  "fontSize": 14,
                  "height": 40,
                  "paddingHorizontal": 15,
                }
              }
              testID="edit_channel_info.name.input"
              underlineColorAndroid="transparent"
              value="display_name"
            />
          </View>
          <View
            style={
              {
                "flexDirection": "row",
                "marginTop": 30,
              }
            }
          >
            <InjectIntl(FormattedText)
              defaultMessage="Purpose"
              id="channel_modal.purpose"
              style={
                {
                  "color": "#3f4350",
                  "fontSize": 14,
                  "marginLeft": 15,
                }
              }
            />
            <InjectIntl(FormattedText)
              defaultMessage="(optional)"
              id="channel_modal.optional"
              style={
                {
                  "color": "rgba(63,67,80,0.5)",
                  "fontSize": 14,
                  "marginLeft": 5,
                }
              }
            />
          </View>
          <View
            style={
              {
                "backgroundColor": "#ffffff",
                "marginTop": 10,
              }
            }
          >
            <TextInputWithLocalizedPlaceholder
              allowFontScaling={true}
              autoCapitalize="none"
              autoCorrect={false}
              blurOnSubmit={false}
              disableFullscreenUI={true}
              keyboardAppearance="light"
              multiline={true}
              onChangeText={[Function]}
              placeholder={
                {
                  "defaultMessage": "E.g.: "A channel to file bugs and improvements"",
                  "id": "channel_modal.purposeEx",
                }
              }
              placeholderTextColor="rgba(63,67,80,0.5)"
              style={
                [
                  {
                    "color": "#3f4350",
                    "fontSize": 14,
                    "height": 40,
                    "paddingHorizontal": 15,
                  },
                  {
                    "height": 110,
                  },
                ]
              }
              testID="edit_channel_info.purpose.input"
              textAlignVertical="top"
              underlineColorAndroid="transparent"
              value="purpose"
            />
          </View>
          <View>
            <InjectIntl(FormattedText)
              defaultMessage="Describe how this channel should be used."
              id="channel_modal.descriptionHelp"
              style={
                {
                  "color": "rgba(63,67,80,0.5)",
                  "fontSize": 14,
                  "marginHorizontal": 15,
                  "marginTop": 10,
                }
              }
            />
          </View>
        </View>
        <View
          onLayout={[Function]}
          style={
            {
              "flexDirection": "row",
              "marginTop": 15,
            }
          }
        >
          <InjectIntl(FormattedText)
            defaultMessage="Header"
            id="channel_modal.header"
            style={
              {
                "color": "#3f4350",
                "fontSize": 14,
                "marginLeft": 15,
              }
            }
          />
          <InjectIntl(FormattedText)
            defaultMessage="(optional)"
            id="channel_modal.optional"
            style={
              {
                "color": "rgba(63,67,80,0.5)",
                "fontSize": 14,
                "marginLeft": 5,
              }
            }
          />
        </View>
        <View
          style={
            {
              "backgroundColor": "#ffffff",
              "marginTop": 10,
            }
          }
        >
          <TextInputWithLocalizedPlaceholder
            allowFontScaling={true}
            autoCapitalize="none"
            autoCorrect={false}
            blurOnSubmit={false}
            disableFullscreenUI={true}
            keyboardAppearance="light"
            multiline={true}
            onChangeText={[Function]}
            onFocus={[Function]}
            placeholder={
              {
                "defaultMessage": "E.g.: "[Link Title](http://example.com)"",
                "id": "channel_modal.headerEx",
              }
            }
            placeholderTextColor="rgba(63,67,80,0.5)"
            style={
              [
                {
                  "color": "#3f4350",
                  "fontSize": 14,
                  "height": 40,
                  "paddingHorizontal": 15,
                },
                {
                  "height": 110,
                },
              ]
            }
            testID="edit_channel_info.header.input"
            textAlignVertical="top"
            underlineColorAndroid="transparent"
            value="header"
          />
        </View>
        <View
          style={
            {
              "zIndex": -1,
            }
          }
        >
          <InjectIntl(FormattedText)
            defaultMessage="Set text that will appear in the header of the channel beside the channel name. For example, include frequently used links by typing [Link Title](http://example.com)."
            id="channel_modal.headerHelp"
            style={
              {
                "color": "rgba(63,67,80,0.5)",
                "fontSize": 14,
                "marginHorizontal": 15,
                "marginTop": 10,
              }
            }
          />
        </View>
      </View>
    </TouchableWithoutFeedback>
  </KeyboardAwareScrollView>
  <View
    style={
      [
        {
          "flex": 1,
          "justifyContent": "flex-end",
          "position": "absolute",
          "width": "100%",
        },
        {
          "bottom": 0,
        },
      ]
    }
  >
    <Connect(Autocomplete)
      cursorPosition={6}
      maxHeight={200}
      nestedScrollEnabled={true}
      offsetY={8}
      onChangeText={[Function]}
      onKeyboardOffsetChanged={[Function]}
      style={
        {
          "position": undefined,
        }
      }
      value="header"
    />
  </View>
</ForwardRef>
`;
