// Jest Snapshot v1, https://goo.gl/fbAQLP

exports[`AttachmentFooter matches snapshot 1`] = `
<ForwardRef(AnimatedComponentWrapper)
  pointerEvents="none"
  style={
    Array [
      Object {
        "height": 38,
        "position": "absolute",
        "width": "100%",
        "zIndex": 9,
      },
      Object {
        "backgroundColor": "rgba(147, 147, 147, 1)",
        "opacity": 0,
        "top": 50,
      },
    ]
  }
>
  <ForwardRef(AnimatedComponentWrapper)
    edges={
      Array [
        "left",
        "right",
      ]
    }
    style={
      Object {
        "alignItems": "center",
        "flex": 1,
        "flexDirection": "row",
        "height": 38,
        "paddingLeft": 12,
        "paddingRight": 5,
      }
    }
  >
    <FormattedText
      defaultMessage="Connected"
      id="mobile.offlineIndicator.connected"
      style={
        Object {
          "color": "#FFFFFF",
          "flex": 1,
          "fontSize": 12,
          "fontWeight": "600",
        }
      }
    />
    <View
      style={
        Object {
          "alignItems": "flex-end",
          "height": 24,
          "justifyContent": "center",
          "paddingRight": 10,
          "width": 60,
        }
      }
    >
      <CompassIcon
        color="#FFFFFF"
        name="check"
        size={20}
      />
    </View>
  </ForwardRef(AnimatedComponentWrapper)>
</ForwardRef(AnimatedComponentWrapper)>
`;
